 
****************************************
Report : net
Design : prob1
Version: W-2024.09
Date   : Sun Apr  5 13:09:06 2026
****************************************


Operating Conditions: ss0p7vn40c   Library: saed32rvt_ss0p7vn40c
Wire Load Model Mode: enclosed

Design        Wire Load Model            Library
------------------------------------------------
prob1                  8000              saed32rvt_ss0p7vn40c


Attributes:
   dr - drc disabled

Net
 Fanout    Fanin     Load      LoadUR    LoadUF    LoadLR    LoadLF    Resist    Pins      Attr
-----------------------------------------------------------------------------------------------
X[0]
      1         1        0.41      0.54      0.44      0.36      0.36      0.02       2    
X[1]
      1         1        0.41      0.54      0.44      0.36      0.36      0.02       2    
X[2]
      1         1        0.41      0.54      0.44      0.36      0.36      0.02       2    
X[3]
      1         1        0.41      0.54      0.44      0.36      0.36      0.02       2    
X[4]
      1         1        0.41      0.54      0.44      0.36      0.36      0.02       2    
X[5]
      1         1        0.41      0.54      0.44      0.36      0.36      0.02       2    
X[6]
      1         1        0.41      0.54      0.44      0.36      0.36      0.02       2    
X[7]
      1         1        0.41      0.54      0.44      0.36      0.36      0.02       2    
X[8]
      1         1        0.41      0.54      0.44      0.36      0.36      0.02       2    
X[9]
      1         1        0.41      0.54      0.44      0.36      0.36      0.02       2    
X[10]
      1         1        0.41      0.54      0.44      0.36      0.36      0.02       2    
X[11]
      1         1        0.41      0.54      0.44      0.36      0.36      0.02       2    
X[12]
      1         1        0.41      0.54      0.44      0.36      0.36      0.02       2    
X[13]
      1         1        0.41      0.54      0.44      0.36      0.36      0.02       2    
X[14]
      1         1        0.41      0.54      0.44      0.36      0.36      0.02       2    
X[15]
      1         1        0.41      0.54      0.44      0.36      0.36      0.02       2    
X_reg[0]
      1         1        0.40      0.50      0.45      0.38      0.37      0.02       2    
X_reg[1]
      2         1        0.80      0.95      0.87      0.76      0.75      0.06       3    
X_reg[2]
      3         1        1.20      1.46      1.33      1.14      1.12      0.09       4    
X_reg[3]
      4         1        1.60      1.91      1.74      1.51      1.49      0.13       5    
X_reg[4]
      4         1        1.60      1.91      1.74      1.51      1.49      0.13       5    
X_reg[5]
      4         1        1.60      1.91      1.74      1.51      1.49      0.13       5    
X_reg[6]
      4         1        1.60      1.91      1.74      1.51      1.49      0.13       5    
X_reg[7]
      4         1        1.60      1.91      1.74      1.51      1.49      0.13       5    
X_reg[8]
      4         1        1.60      1.91      1.74      1.51      1.49      0.13       5    
X_reg[9]
      4         1        1.60      1.91      1.74      1.51      1.49      0.13       5    
X_reg[10]
      4         1        1.60      1.93      1.74      1.50      1.48      0.13       5    
X_reg[11]
      4         1        1.57      1.93      1.72      1.46      1.45      0.13       5    
X_reg[12]
      4         1        1.54      1.86      1.66      1.44      1.42      0.13       5    
X_reg[13]
      4         1        1.63      1.93      1.78      1.54      1.52      0.13       5    
X_reg[14]
      4         1        1.64      1.98      1.81      1.54      1.53      0.13       5    
X_reg[15]
      4         1        1.85      2.05      1.93      1.78      1.76      0.13       5    
Y[0]
      1         1        0.00      0.00      0.00      0.00      0.00      0.02       2    
Y[1]
      1         1        0.00      0.00      0.00      0.00      0.00      0.02       2    
Y[2]
      1         1        0.00      0.00      0.00      0.00      0.00      0.02       2    
Y[3]
      1         1        0.00      0.00      0.00      0.00      0.00      0.02       2    
Y[4]
      1         1        0.00      0.00      0.00      0.00      0.00      0.02       2    
Y[5]
      1         1        0.00      0.00      0.00      0.00      0.00      0.02       2    
Y[6]
      1         1        0.00      0.00      0.00      0.00      0.00      0.02       2    
Y[7]
      1         1        0.00      0.00      0.00      0.00      0.00      0.02       2    
Y[8]
      1         1        0.00      0.00      0.00      0.00      0.00      0.02       2    
Y[9]
      1         1        0.00      0.00      0.00      0.00      0.00      0.02       2    
Y[10]
      1         1        0.00      0.00      0.00      0.00      0.00      0.02       2    
Y[11]
      1         1        0.00      0.00      0.00      0.00      0.00      0.02       2    
Y[12]
      1         1        0.00      0.00      0.00      0.00      0.00      0.02       2    
Y[13]
      1         1        0.00      0.00      0.00      0.00      0.00      0.02       2    
Y[14]
      1         1        0.00      0.00      0.00      0.00      0.00      0.02       2    
Y[15]
      1         1        0.00      0.00      0.00      0.00      0.00      0.02       2    
Y_comb[13]
      1         1        0.41      0.54      0.44      0.36      0.36      0.02       2    
Y_comb[14]
      1         1        0.41      0.54      0.44      0.36      0.36      0.02       2    
Z[0]
      1         1        0.41      0.54      0.44      0.36      0.36      0.02       2    
Z[1]
      1         1        0.41      0.54      0.44      0.36      0.36      0.02       2    
Z_reg[0]
      2         1        0.90      1.17      0.99      0.80      0.78      0.06       3    
Z_reg[1]
      4         1        1.77      2.37      1.98      1.57      1.53      0.13       5    
clk
     34         1       18.02     22.57     19.60     16.31     16.09      3.80      35    dr
n20
      1         1        0.65      0.71      0.67      0.63      0.62      0.02       2    
n21
      1         1        0.65      0.71      0.67      0.63      0.62      0.02       2    
n22
      1         1        0.65      0.71      0.67      0.63      0.62      0.02       2    
n23
      1         1        0.65      0.71      0.67      0.63      0.62      0.02       2    
n24
      1         1        0.65      0.71      0.67      0.63      0.62      0.02       2    
n25
      1         1        0.65      0.71      0.67      0.63      0.62      0.02       2    
n26
      1         1        0.65      0.71      0.67      0.63      0.62      0.02       2    
n27
      1         1        0.65      0.71      0.67      0.63      0.62      0.02       2    
n28
      1         1        0.65      0.71      0.67      0.63      0.62      0.02       2    
n29
      1         1        0.65      0.71      0.67      0.63      0.62      0.02       2    
n30
      1         1        0.65      0.71      0.67      0.63      0.62      0.02       2    
n31
      1         1        0.65      0.71      0.67      0.63      0.62      0.02       2    
n32
      1         1        0.65      0.71      0.67      0.63      0.62      0.02       2    
n33
     15         1        5.77      6.97      6.22      5.43      5.32      0.92      16    
n34
     14         1        5.67      7.28      6.33      5.20      5.14      0.81      15    
n35
     13         1        4.91      5.95      5.23      4.61      4.56      0.71      14    
n36
      1         1        0.40      0.56      0.37      0.38      0.30      0.00       2    dr
n37
      1         1        0.40      0.56      0.37      0.38      0.30      0.00       2    dr
n38
      1         1        0.40      0.56      0.37      0.38      0.30      0.00       2    dr
n39
      1         1        0.40      0.56      0.37      0.38      0.30      0.00       2    dr
n40
      1         1        0.40      0.56      0.37      0.38      0.30      0.00       2    dr
n41
      1         1        0.40      0.56      0.37      0.38      0.30      0.00       2    dr
n42
      1         1        0.40      0.56      0.37      0.38      0.30      0.00       2    dr
n43
      1         1        0.40      0.56      0.37      0.38      0.30      0.00       2    dr
n44
      1         1        0.40      0.56      0.37      0.38      0.30      0.00       2    dr
n45
      1         1        0.40      0.56      0.37      0.38      0.30      0.00       2    dr
n46
      1         1        0.40      0.56      0.37      0.38      0.30      0.00       2    dr
n47
      1         1        0.40      0.56      0.37      0.38      0.30      0.00       2    dr
n48
      1         1        0.40      0.56      0.37      0.38      0.30      0.00       2    dr
n49
      1         1        0.41      0.52      0.44      0.36      0.36      0.00       2    dr
n50
      2         1        0.87      1.05      0.93      0.81      0.80      0.06       3    
n51
      1         1        0.42      0.53      0.45      0.37      0.36      0.02       2    
n52
      1         1        0.42      0.53      0.45      0.37      0.36      0.02       2    
n53
      1         1        0.42      0.53      0.45      0.37      0.36      0.02       2    
n54
      1         1        0.42      0.53      0.45      0.37      0.36      0.02       2    
n55
      1         1        0.42      0.53      0.45      0.37      0.36      0.02       2    
n56
      1         1        0.42      0.53      0.45      0.37      0.36      0.02       2    
n57
      1         1        0.42      0.53      0.45      0.37      0.36      0.02       2    
n58
      1         1        0.42      0.53      0.45      0.37      0.36      0.02       2    
n59
      1         1        0.42      0.53      0.45      0.37      0.36      0.02       2    
n60
      1         1        0.42      0.53      0.45      0.37      0.36      0.02       2    
n61
      1         1        0.42      0.53      0.45      0.37      0.36      0.02       2    
n62
      1         1        0.42      0.53      0.45      0.37      0.36      0.02       2    
n63
     16         1        6.51      8.38      7.27      6.00      5.83      1.04      17    
n64
      1         1        0.42      0.53      0.45      0.37      0.36      0.02       2    
-----------------------------------------------------------------------------------------------
Total 100 nets
    234       100       95.64    118.39    102.76     88.49     86.03     10.83     334
Maximum
     34         1       18.02     22.57     19.60     16.31     16.09      3.80      35
Average
   2.34      1.00        0.96      1.18      1.03      0.88      0.86      0.11    3.34
1
