 
****************************************
Report : timing
        -path full
        -delay min
        -max_paths 10
Design : prob1
Version: W-2024.09
Date   : Sun Apr  5 13:09:06 2026
****************************************

Operating Conditions: ss0p7vn40c   Library: saed32rvt_ss0p7vn40c
Wire Load Model Mode: enclosed

  Startpoint: X_reg_reg[15]
              (rising edge-triggered flip-flop clocked by clk)
  Endpoint: Y_reg[15] (rising edge-triggered flip-flop clocked by clk)
  Path Group: clk
  Path Type: min

  Des/Clust/Port     Wire Load Model       Library
  ------------------------------------------------
  prob1              8000                  saed32rvt_ss0p7vn40c

  Point                                    Incr       Path
  -----------------------------------------------------------
  clock clk (rise edge)                    0.00       0.00
  clock network delay (ideal)              0.00       0.00
  X_reg_reg[15]/CLK (DFFX1_RVT)            0.00       0.00 r
  X_reg_reg[15]/Q (DFFX1_RVT)              0.68       0.68 f
  Y_reg[15]/RSTB (DFFSSRX1_RVT)            0.00       0.68 f
  data arrival time                                   0.68

  clock clk (rise edge)                    0.00       0.00
  clock network delay (ideal)              0.00       0.00
  clock uncertainty                        0.20       0.20
  Y_reg[15]/CLK (DFFSSRX1_RVT)             0.00       0.20 r
  library hold time                       -0.12       0.08
  data required time                                  0.08
  -----------------------------------------------------------
  data required time                                  0.08
  data arrival time                                  -0.68
  -----------------------------------------------------------
  slack (MET)                                         0.61


  Startpoint: X_reg_reg[14]
              (rising edge-triggered flip-flop clocked by clk)
  Endpoint: Y_reg[14] (rising edge-triggered flip-flop clocked by clk)
  Path Group: clk
  Path Type: min

  Des/Clust/Port     Wire Load Model       Library
  ------------------------------------------------
  prob1              8000                  saed32rvt_ss0p7vn40c

  Point                                    Incr       Path
  -----------------------------------------------------------
  clock clk (rise edge)                    0.00       0.00
  clock network delay (ideal)              0.00       0.00
  X_reg_reg[14]/CLK (DFFX1_RVT)            0.00       0.00 r
  X_reg_reg[14]/Q (DFFX1_RVT)              0.68       0.68 f
  U78/Y (AO22X1_RVT)                       0.32       1.00 f
  Y_reg[14]/D (DFFX1_RVT)                  0.00       1.00 f
  data arrival time                                   1.00

  clock clk (rise edge)                    0.00       0.00
  clock network delay (ideal)              0.00       0.00
  clock uncertainty                        0.20       0.20
  Y_reg[14]/CLK (DFFX1_RVT)                0.00       0.20 r
  library hold time                       -0.04       0.16
  data required time                                  0.16
  -----------------------------------------------------------
  data required time                                  0.16
  data arrival time                                  -1.00
  -----------------------------------------------------------
  slack (MET)                                         0.84


  Startpoint: X_reg_reg[14]
              (rising edge-triggered flip-flop clocked by clk)
  Endpoint: Y_reg[13] (rising edge-triggered flip-flop clocked by clk)
  Path Group: clk
  Path Type: min

  Des/Clust/Port     Wire Load Model       Library
  ------------------------------------------------
  prob1              8000                  saed32rvt_ss0p7vn40c

  Point                                    Incr       Path
  -----------------------------------------------------------
  clock clk (rise edge)                    0.00       0.00
  clock network delay (ideal)              0.00       0.00
  X_reg_reg[14]/CLK (DFFX1_RVT)            0.00       0.00 r
  X_reg_reg[14]/Q (DFFX1_RVT)              0.68       0.68 f
  U79/Y (AO222X1_RVT)                      0.38       1.06 f
  Y_reg[13]/D (DFFX1_RVT)                  0.00       1.06 f
  data arrival time                                   1.06

  clock clk (rise edge)                    0.00       0.00
  clock network delay (ideal)              0.00       0.00
  clock uncertainty                        0.20       0.20
  Y_reg[13]/CLK (DFFX1_RVT)                0.00       0.20 r
  library hold time                       -0.06       0.14
  data required time                                  0.14
  -----------------------------------------------------------
  data required time                                  0.14
  data arrival time                                  -1.06
  -----------------------------------------------------------
  slack (MET)                                         0.92


  Startpoint: X_reg_reg[0]
              (rising edge-triggered flip-flop clocked by clk)
  Endpoint: Y_reg[0] (rising edge-triggered flip-flop clocked by clk)
  Path Group: clk
  Path Type: min

  Des/Clust/Port     Wire Load Model       Library
  ------------------------------------------------
  prob1              8000                  saed32rvt_ss0p7vn40c

  Point                                    Incr       Path
  -----------------------------------------------------------
  clock clk (rise edge)                    0.00       0.00
  clock network delay (ideal)              0.00       0.00
  X_reg_reg[0]/CLK (DFFX1_RVT)             0.00       0.00 r
  X_reg_reg[0]/Q (DFFX1_RVT)               0.65       0.65 f
  U39/Y (AOI22X1_RVT)                      0.41       1.06 r
  Y_reg[0]/RSTB (DFFSSRX1_RVT)             0.00       1.06 r
  data arrival time                                   1.06

  clock clk (rise edge)                    0.00       0.00
  clock network delay (ideal)              0.00       0.00
  clock uncertainty                        0.20       0.20
  Y_reg[0]/CLK (DFFSSRX1_RVT)              0.00       0.20 r
  library hold time                       -0.15       0.05
  data required time                                  0.05
  -----------------------------------------------------------
  data required time                                  0.05
  data arrival time                                  -1.06
  -----------------------------------------------------------
  slack (MET)                                         1.01


  Startpoint: X_reg_reg[12]
              (rising edge-triggered flip-flop clocked by clk)
  Endpoint: Y_reg[10] (rising edge-triggered flip-flop clocked by clk)
  Path Group: clk
  Path Type: min

  Des/Clust/Port     Wire Load Model       Library
  ------------------------------------------------
  prob1              8000                  saed32rvt_ss0p7vn40c

  Point                                    Incr       Path
  -----------------------------------------------------------
  clock clk (rise edge)                    0.00       0.00
  clock network delay (ideal)              0.00       0.00
  X_reg_reg[12]/CLK (DFFX1_RVT)            0.00       0.00 r
  X_reg_reg[12]/Q (DFFX1_RVT)              0.68       0.68 f
  U82/Y (AO22X1_RVT)                       0.30       0.97 f
  Y_reg[10]/SETB (DFFSSRX1_RVT)            0.00       0.97 f
  data arrival time                                   0.97

  clock clk (rise edge)                    0.00       0.00
  clock network delay (ideal)              0.00       0.00
  clock uncertainty                        0.20       0.20
  Y_reg[10]/CLK (DFFSSRX1_RVT)             0.00       0.20 r
  library hold time                       -0.24      -0.04
  data required time                                 -0.04
  -----------------------------------------------------------
  data required time                                 -0.04
  data arrival time                                  -0.97
  -----------------------------------------------------------
  slack (MET)                                         1.01


  Startpoint: X_reg_reg[2]
              (rising edge-triggered flip-flop clocked by clk)
  Endpoint: Y_reg[0] (rising edge-triggered flip-flop clocked by clk)
  Path Group: clk
  Path Type: min

  Des/Clust/Port     Wire Load Model       Library
  ------------------------------------------------
  prob1              8000                  saed32rvt_ss0p7vn40c

  Point                                    Incr       Path
  -----------------------------------------------------------
  clock clk (rise edge)                    0.00       0.00
  clock network delay (ideal)              0.00       0.00
  X_reg_reg[2]/CLK (DFFX1_RVT)             0.00       0.00 r
  X_reg_reg[2]/Q (DFFX1_RVT)               0.67       0.67 f
  U83/Y (AO22X1_RVT)                       0.32       0.98 f
  Y_reg[0]/SETB (DFFSSRX1_RVT)             0.00       0.98 f
  data arrival time                                   0.98

  clock clk (rise edge)                    0.00       0.00
  clock network delay (ideal)              0.00       0.00
  clock uncertainty                        0.20       0.20
  Y_reg[0]/CLK (DFFSSRX1_RVT)              0.00       0.20 r
  library hold time                       -0.24      -0.04
  data required time                                 -0.04
  -----------------------------------------------------------
  data required time                                 -0.04
  data arrival time                                  -0.98
  -----------------------------------------------------------
  slack (MET)                                         1.02


  Startpoint: X_reg_reg[1]
              (rising edge-triggered flip-flop clocked by clk)
  Endpoint: Y_reg[1] (rising edge-triggered flip-flop clocked by clk)
  Path Group: clk
  Path Type: min

  Des/Clust/Port     Wire Load Model       Library
  ------------------------------------------------
  prob1              8000                  saed32rvt_ss0p7vn40c

  Point                                    Incr       Path
  -----------------------------------------------------------
  clock clk (rise edge)                    0.00       0.00
  clock network delay (ideal)              0.00       0.00
  X_reg_reg[1]/CLK (DFFX1_RVT)             0.00       0.00 r
  X_reg_reg[1]/Q (DFFX1_RVT)               0.66       0.66 f
  U40/Y (AOI22X1_RVT)                      0.41       1.07 r
  Y_reg[1]/RSTB (DFFSSRX1_RVT)             0.00       1.07 r
  data arrival time                                   1.07

  clock clk (rise edge)                    0.00       0.00
  clock network delay (ideal)              0.00       0.00
  clock uncertainty                        0.20       0.20
  Y_reg[1]/CLK (DFFSSRX1_RVT)              0.00       0.20 r
  library hold time                       -0.15       0.05
  data required time                                  0.05
  -----------------------------------------------------------
  data required time                                  0.05
  data arrival time                                  -1.07
  -----------------------------------------------------------
  slack (MET)                                         1.02


  Startpoint: X_reg_reg[11]
              (rising edge-triggered flip-flop clocked by clk)
  Endpoint: Y_reg[11] (rising edge-triggered flip-flop clocked by clk)
  Path Group: clk
  Path Type: min

  Des/Clust/Port     Wire Load Model       Library
  ------------------------------------------------
  prob1              8000                  saed32rvt_ss0p7vn40c

  Point                                    Incr       Path
  -----------------------------------------------------------
  clock clk (rise edge)                    0.00       0.00
  clock network delay (ideal)              0.00       0.00
  X_reg_reg[11]/CLK (DFFX1_RVT)            0.00       0.00 r
  X_reg_reg[11]/Q (DFFX1_RVT)              0.68       0.68 f
  U50/Y (AOI22X1_RVT)                      0.40       1.07 r
  Y_reg[11]/RSTB (DFFSSRX1_RVT)            0.00       1.07 r
  data arrival time                                   1.07

  clock clk (rise edge)                    0.00       0.00
  clock network delay (ideal)              0.00       0.00
  clock uncertainty                        0.20       0.20
  Y_reg[11]/CLK (DFFSSRX1_RVT)             0.00       0.20 r
  library hold time                       -0.15       0.05
  data required time                                  0.05
  -----------------------------------------------------------
  data required time                                  0.05
  data arrival time                                  -1.07
  -----------------------------------------------------------
  slack (MET)                                         1.02


  Startpoint: X_reg_reg[10]
              (rising edge-triggered flip-flop clocked by clk)
  Endpoint: Y_reg[10] (rising edge-triggered flip-flop clocked by clk)
  Path Group: clk
  Path Type: min

  Des/Clust/Port     Wire Load Model       Library
  ------------------------------------------------
  prob1              8000                  saed32rvt_ss0p7vn40c

  Point                                    Incr       Path
  -----------------------------------------------------------
  clock clk (rise edge)                    0.00       0.00
  clock network delay (ideal)              0.00       0.00
  X_reg_reg[10]/CLK (DFFX1_RVT)            0.00       0.00 r
  X_reg_reg[10]/Q (DFFX1_RVT)              0.68       0.68 f
  U49/Y (AOI22X1_RVT)                      0.40       1.07 r
  Y_reg[10]/RSTB (DFFSSRX1_RVT)            0.00       1.07 r
  data arrival time                                   1.07

  clock clk (rise edge)                    0.00       0.00
  clock network delay (ideal)              0.00       0.00
  clock uncertainty                        0.20       0.20
  Y_reg[10]/CLK (DFFSSRX1_RVT)             0.00       0.20 r
  library hold time                       -0.15       0.05
  data required time                                  0.05
  -----------------------------------------------------------
  data required time                                  0.05
  data arrival time                                  -1.07
  -----------------------------------------------------------
  slack (MET)                                         1.02


  Startpoint: X_reg_reg[11]
              (rising edge-triggered flip-flop clocked by clk)
  Endpoint: Y_reg[9] (rising edge-triggered flip-flop clocked by clk)
  Path Group: clk
  Path Type: min

  Des/Clust/Port     Wire Load Model       Library
  ------------------------------------------------
  prob1              8000                  saed32rvt_ss0p7vn40c

  Point                                    Incr       Path
  -----------------------------------------------------------
  clock clk (rise edge)                    0.00       0.00
  clock network delay (ideal)              0.00       0.00
  X_reg_reg[11]/CLK (DFFX1_RVT)            0.00       0.00 r
  X_reg_reg[11]/Q (DFFX1_RVT)              0.68       0.68 f
  U69/Y (AO22X1_RVT)                       0.32       0.99 f
  Y_reg[9]/SETB (DFFSSRX1_RVT)             0.00       0.99 f
  data arrival time                                   0.99

  clock clk (rise edge)                    0.00       0.00
  clock network delay (ideal)              0.00       0.00
  clock uncertainty                        0.20       0.20
  Y_reg[9]/CLK (DFFSSRX1_RVT)              0.00       0.20 r
  library hold time                       -0.24      -0.04
  data required time                                 -0.04
  -----------------------------------------------------------
  data required time                                 -0.04
  data arrival time                                  -0.99
  -----------------------------------------------------------
  slack (MET)                                         1.03


1
