[icc2-lic Sun Apr  5 15:39:03 2026] Command 'report_timing' requires licenses
[icc2-lic Sun Apr  5 15:39:03 2026] Attempting to check-out alternate set of keys directly with queueing
[icc2-lic Sun Apr  5 15:39:03 2026] Sending count request for 'ICCompilerII-8' 
[icc2-lic Sun Apr  5 15:39:03 2026] Count request for 'ICCompilerII-8' returned 1 
[icc2-lic Sun Apr  5 15:39:03 2026] Sending check-out request for 'ICCompilerII-8' (1) with wait option
[icc2-lic Sun Apr  5 15:39:03 2026] Check-out request for 'ICCompilerII-8' with wait option succeeded
[icc2-lic Sun Apr  5 15:39:03 2026] Sending checkout check request for 'ICCompilerII-8' 
[icc2-lic Sun Apr  5 15:39:03 2026] Checkout check request for 'ICCompilerII-8' returned 0 
[icc2-lic Sun Apr  5 15:39:03 2026] Sending count request for 'ICCompilerII-8' 
[icc2-lic Sun Apr  5 15:39:03 2026] Count request for 'ICCompilerII-8' returned 1 
[icc2-lic Sun Apr  5 15:39:03 2026] Sending count request for 'ICCompilerII-NX' 
[icc2-lic Sun Apr  5 15:39:03 2026] Count request for 'ICCompilerII-NX' returned 1 
[icc2-lic Sun Apr  5 15:39:03 2026] Sending check-out request for 'ICCompilerII-NX' (1) with wait option
[icc2-lic Sun Apr  5 15:39:03 2026] Check-out request for 'ICCompilerII-NX' with wait option succeeded
[icc2-lic Sun Apr  5 15:39:03 2026] Sending checkout check request for 'ICCompilerII-NX' 
[icc2-lic Sun Apr  5 15:39:03 2026] Checkout check request for 'ICCompilerII-NX' returned 0 
[icc2-lic Sun Apr  5 15:39:03 2026] Sending count request for 'ICCompilerII-NX' 
[icc2-lic Sun Apr  5 15:39:03 2026] Count request for 'ICCompilerII-NX' returned 1 
[icc2-lic Sun Apr  5 15:39:03 2026] Check-out of alternate set of keys directly with queueing was successful
****************************************
Report : timing
        -path_type full
        -delay_type max
        -max_paths 10
        -report_by design
Design : prob1
Version: W-2024.09
Date   : Sun Apr  5 15:39:03 2026
****************************************

  Startpoint: Y_reg[15] (rising edge-triggered flip-flop clocked by clk)
  Endpoint: Y[15] (output port clocked by clk)
  Mode: func
  Corner: nom
  Scenario: func::nom
  Path Group: **reg2out_default**
  Path Type: max

  Point                                            Incr      Path  
  ------------------------------------------------------------------------
  clock clk (rise edge)                            0.00      0.00
  clock network delay (propagated)                 0.00      0.00

  Y_reg[15]/CLK (DFFSSRX1_RVT)                     0.00      0.00 r
  Y_reg[15]/Q (DFFSSRX1_RVT)                       0.08      0.08 f
  Y[15] (out)                                      0.00      0.08 f
  data arrival time                                          0.08

  clock clk (rise edge)                           10.00     10.00
  clock network delay (propagated)                 0.00     10.00
  clock uncertainty                               -0.20      9.80
  output external delay                           -2.00      7.80
  data required time                                         7.80
  ------------------------------------------------------------------------
  data required time                                         7.80
  data arrival time                                         -0.08
  ------------------------------------------------------------------------
  slack (MET)                                                7.72



  Startpoint: Y_reg[14] (rising edge-triggered flip-flop clocked by clk)
  Endpoint: Y[14] (output port clocked by clk)
  Mode: func
  Corner: nom
  Scenario: func::nom
  Path Group: **reg2out_default**
  Path Type: max

  Point                                            Incr      Path  
  ------------------------------------------------------------------------
  clock clk (rise edge)                            0.00      0.00
  clock network delay (propagated)                 0.00      0.00

  Y_reg[14]/CLK (DFFX1_RVT)                        0.00      0.00 r
  Y_reg[14]/Q (DFFX1_RVT)                          0.08      0.08 f
  Y[14] (out)                                      0.00      0.08 f
  data arrival time                                          0.08

  clock clk (rise edge)                           10.00     10.00
  clock network delay (propagated)                 0.00     10.00
  clock uncertainty                               -0.20      9.80
  output external delay                           -2.00      7.80
  data required time                                         7.80
  ------------------------------------------------------------------------
  data required time                                         7.80
  data arrival time                                         -0.08
  ------------------------------------------------------------------------
  slack (MET)                                                7.72



  Startpoint: Y_reg[13] (rising edge-triggered flip-flop clocked by clk)
  Endpoint: Y[13] (output port clocked by clk)
  Mode: func
  Corner: nom
  Scenario: func::nom
  Path Group: **reg2out_default**
  Path Type: max

  Point                                            Incr      Path  
  ------------------------------------------------------------------------
  clock clk (rise edge)                            0.00      0.00
  clock network delay (propagated)                 0.00      0.00

  Y_reg[13]/CLK (DFFX1_RVT)                        0.00      0.00 r
  Y_reg[13]/Q (DFFX1_RVT)                          0.08      0.08 f
  Y[13] (out)                                      0.00      0.08 f
  data arrival time                                          0.08

  clock clk (rise edge)                           10.00     10.00
  clock network delay (propagated)                 0.00     10.00
  clock uncertainty                               -0.20      9.80
  output external delay                           -2.00      7.80
  data required time                                         7.80
  ------------------------------------------------------------------------
  data required time                                         7.80
  data arrival time                                         -0.08
  ------------------------------------------------------------------------
  slack (MET)                                                7.72



  Startpoint: Y_reg[1] (rising edge-triggered flip-flop clocked by clk)
  Endpoint: Y[1] (output port clocked by clk)
  Mode: func
  Corner: nom
  Scenario: func::nom
  Path Group: **reg2out_default**
  Path Type: max

  Point                                            Incr      Path  
  ------------------------------------------------------------------------
  clock clk (rise edge)                            0.00      0.00
  clock network delay (propagated)                 0.00      0.00

  Y_reg[1]/CLK (DFFSSRX1_RVT)                      0.00      0.00 r
  Y_reg[1]/QN (DFFSSRX1_RVT)                       0.06      0.06 f
  Y[1] (out)                                       0.00      0.06 f
  data arrival time                                          0.06

  clock clk (rise edge)                           10.00     10.00
  clock network delay (propagated)                 0.00     10.00
  clock uncertainty                               -0.20      9.80
  output external delay                           -2.00      7.80
  data required time                                         7.80
  ------------------------------------------------------------------------
  data required time                                         7.80
  data arrival time                                         -0.06
  ------------------------------------------------------------------------
  slack (MET)                                                7.74



  Startpoint: Y_reg[0] (rising edge-triggered flip-flop clocked by clk)
  Endpoint: Y[0] (output port clocked by clk)
  Mode: func
  Corner: nom
  Scenario: func::nom
  Path Group: **reg2out_default**
  Path Type: max

  Point                                            Incr      Path  
  ------------------------------------------------------------------------
  clock clk (rise edge)                            0.00      0.00
  clock network delay (propagated)                 0.00      0.00

  Y_reg[0]/CLK (DFFSSRX1_RVT)                      0.00      0.00 r
  Y_reg[0]/QN (DFFSSRX1_RVT)                       0.06      0.06 f
  Y[0] (out)                                       0.00      0.06 f
  data arrival time                                          0.06

  clock clk (rise edge)                           10.00     10.00
  clock network delay (propagated)                 0.00     10.00
  clock uncertainty                               -0.20      9.80
  output external delay                           -2.00      7.80
  data required time                                         7.80
  ------------------------------------------------------------------------
  data required time                                         7.80
  data arrival time                                         -0.06
  ------------------------------------------------------------------------
  slack (MET)                                                7.74



  Startpoint: Y_reg[5] (rising edge-triggered flip-flop clocked by clk)
  Endpoint: Y[5] (output port clocked by clk)
  Mode: func
  Corner: nom
  Scenario: func::nom
  Path Group: **reg2out_default**
  Path Type: max

  Point                                            Incr      Path  
  ------------------------------------------------------------------------
  clock clk (rise edge)                            0.00      0.00
  clock network delay (propagated)                 0.00      0.00

  Y_reg[5]/CLK (DFFSSRX1_RVT)                      0.00      0.00 r
  Y_reg[5]/QN (DFFSSRX1_RVT)                       0.06      0.06 r
  Y[5] (out)                                       0.00      0.06 r
  data arrival time                                          0.06

  clock clk (rise edge)                           10.00     10.00
  clock network delay (propagated)                 0.00     10.00
  clock uncertainty                               -0.20      9.80
  output external delay                           -2.00      7.80
  data required time                                         7.80
  ------------------------------------------------------------------------
  data required time                                         7.80
  data arrival time                                         -0.06
  ------------------------------------------------------------------------
  slack (MET)                                                7.74



  Startpoint: Y_reg[4] (rising edge-triggered flip-flop clocked by clk)
  Endpoint: Y[4] (output port clocked by clk)
  Mode: func
  Corner: nom
  Scenario: func::nom
  Path Group: **reg2out_default**
  Path Type: max

  Point                                            Incr      Path  
  ------------------------------------------------------------------------
  clock clk (rise edge)                            0.00      0.00
  clock network delay (propagated)                 0.00      0.00

  Y_reg[4]/CLK (DFFSSRX1_RVT)                      0.00      0.00 r
  Y_reg[4]/QN (DFFSSRX1_RVT)                       0.06      0.06 r
  Y[4] (out)                                       0.00      0.06 r
  data arrival time                                          0.06

  clock clk (rise edge)                           10.00     10.00
  clock network delay (propagated)                 0.00     10.00
  clock uncertainty                               -0.20      9.80
  output external delay                           -2.00      7.80
  data required time                                         7.80
  ------------------------------------------------------------------------
  data required time                                         7.80
  data arrival time                                         -0.06
  ------------------------------------------------------------------------
  slack (MET)                                                7.74



  Startpoint: Y_reg[2] (rising edge-triggered flip-flop clocked by clk)
  Endpoint: Y[2] (output port clocked by clk)
  Mode: func
  Corner: nom
  Scenario: func::nom
  Path Group: **reg2out_default**
  Path Type: max

  Point                                            Incr      Path  
  ------------------------------------------------------------------------
  clock clk (rise edge)                            0.00      0.00
  clock network delay (propagated)                 0.00      0.00

  Y_reg[2]/CLK (DFFSSRX1_RVT)                      0.00      0.00 r
  Y_reg[2]/QN (DFFSSRX1_RVT)                       0.06      0.06 r
  Y[2] (out)                                       0.00      0.06 r
  data arrival time                                          0.06

  clock clk (rise edge)                           10.00     10.00
  clock network delay (propagated)                 0.00     10.00
  clock uncertainty                               -0.20      9.80
  output external delay                           -2.00      7.80
  data required time                                         7.80
  ------------------------------------------------------------------------
  data required time                                         7.80
  data arrival time                                         -0.06
  ------------------------------------------------------------------------
  slack (MET)                                                7.74



  Startpoint: Y_reg[3] (rising edge-triggered flip-flop clocked by clk)
  Endpoint: Y[3] (output port clocked by clk)
  Mode: func
  Corner: nom
  Scenario: func::nom
  Path Group: **reg2out_default**
  Path Type: max

  Point                                            Incr      Path  
  ------------------------------------------------------------------------
  clock clk (rise edge)                            0.00      0.00
  clock network delay (propagated)                 0.00      0.00

  Y_reg[3]/CLK (DFFSSRX1_RVT)                      0.00      0.00 r
  Y_reg[3]/QN (DFFSSRX1_RVT)                       0.06      0.06 r
  Y[3] (out)                                       0.00      0.06 r
  data arrival time                                          0.06

  clock clk (rise edge)                           10.00     10.00
  clock network delay (propagated)                 0.00     10.00
  clock uncertainty                               -0.20      9.80
  output external delay                           -2.00      7.80
  data required time                                         7.80
  ------------------------------------------------------------------------
  data required time                                         7.80
  data arrival time                                         -0.06
  ------------------------------------------------------------------------
  slack (MET)                                                7.74



  Startpoint: Y_reg[6] (rising edge-triggered flip-flop clocked by clk)
  Endpoint: Y[6] (output port clocked by clk)
  Mode: func
  Corner: nom
  Scenario: func::nom
  Path Group: **reg2out_default**
  Path Type: max

  Point                                            Incr      Path  
  ------------------------------------------------------------------------
  clock clk (rise edge)                            0.00      0.00
  clock network delay (propagated)                 0.00      0.00

  Y_reg[6]/CLK (DFFSSRX1_RVT)                      0.00      0.00 r
  Y_reg[6]/QN (DFFSSRX1_RVT)                       0.06      0.06 r
  Y[6] (out)                                       0.00      0.06 r
  data arrival time                                          0.06

  clock clk (rise edge)                           10.00     10.00
  clock network delay (propagated)                 0.00     10.00
  clock uncertainty                               -0.20      9.80
  output external delay                           -2.00      7.80
  data required time                                         7.80
  ------------------------------------------------------------------------
  data required time                                         7.80
  data arrival time                                         -0.06
  ------------------------------------------------------------------------
  slack (MET)                                                7.74


1
